
> ep-tracker@0.1.0 test:e2e
> jest --config tests/e2e/jest.config.js

